// Jest Snapshot v1, https://goo.gl/fbAQLP

exports[`Tabs - Demo Basic 1`] = `
<div class="ui-example-child ui-example-child-tabs ui-example-child-tabs-0">
  <div class="ui-tabs">
    <nav class="ui-tab-bar">
      <div class="ui-tab-bar-inner">
        <!---->
        <div class="ui-scroll-view">
          <!---->
          <div class="scroll-view-container">
            <!---->
            <div class="ui-tab-bar-list" style="width:0px;"></div> <span class="ui-tab-bar-ink" style="width:0px;transform:translateX(0px);"></span>
            <!---->
          </div>
          <!---->
        </div>
      </div>
    </nav>
    <div class="ui-tabs-content">
      <div role="tabpanel" tab="p1" name="ui-tab-slide-left" class="ui-tab-pane content" style="display:none;">
        她对他很满意。走吧。好。他起身买单，腿却一拐一拐的。难怪他才华横溢，事业有成，却还是单身。趁着他买单，她赶紧悄悄走了。
      </div>
      <div role="tabpanel" tab="p2" name="ui-tab-slide-left" class="ui-tab-pane content" style="display:none;">
        又是一年，她又遇到了他，他正牵着孩子的手，走的飞快。
      </div>
      <div role="tabpanel" tab="p3" name="ui-tab-slide-left" class="ui-tab-pane content" style="display:none;">
        你的腿？她有些诧异。腿？我的腿怎么了？他更诧异。后来，她才知道他的腿，那天只是坐麻了而已。
      </div>
    </div>
  </div>
</div>
`;
