// Jest Snapshot v1, https://goo.gl/fbAQLP

exports[`Radio Basic 1`] = `
<div class="ui-example-child ui-example-child-radio ui-example-child-radio-0"><label class="ui-radio is-checked">
    <div class="ui-radio-icon"><i class="ui-icon icon-font ui-icon-checked checked md" style="color:;"></i></div>
    <div class="ui-radio-label">单选项1</div>
  </label> <label class="ui-radio">
    <div class="ui-radio-icon"><i class="ui-icon icon-font ui-icon-check check md" style="color:;"></i></div>
    <div class="ui-radio-label">单选项2</div>
  </label></div>
`;

exports[`Radio List 1`] = `
<div class="ui-example-child ui-example-child-radio ui-example-child-radio-2">
  <fieldset class="ui-field radio-field">
    <header class="ui-field-header">
      <div class="ui-field-heading">
        <legend class="ui-field-title">简单选择列表</legend>
        <!---->
      </div>
      <div class="ui-field-action"></div>
    </header>
    <div class="ui-field-content">
      <div class="ui-radio-list">
        <div class="ui-cell-item ui-radio-item">
          <div class="ui-cell-item-body multilines">
            <div class="ui-cell-item-left"><label class="ui-radio">
                <div class="ui-radio-icon"><i class="ui-icon icon-font ui-icon-check check lg" style="color:;"></i></div>
                <!---->
              </label></div>
            <div class="ui-cell-item-content">
              <p class="ui-cell-item-title">交通银行(尾号3089)</p>
              <p class="ui-cell-item-brief">选项摘要描述</p>
            </div>
            <!---->
          </div>
          <!---->
        </div>
        <div class="ui-cell-item ui-radio-item">
          <div class="ui-cell-item-body multilines">
            <div class="ui-cell-item-left"><label class="ui-radio">
                <div class="ui-radio-icon"><i class="ui-icon icon-font ui-icon-check check lg" style="color:;"></i></div>
                <!---->
              </label></div>
            <div class="ui-cell-item-content">
              <p class="ui-cell-item-title">招商银行(尾号2342)</p>
              <p class="ui-cell-item-brief">选项摘要描述</p>
            </div>
            <!---->
          </div>
          <!---->
        </div>
        <div class="ui-cell-item ui-radio-item is-disabled no-border">
          <div class="ui-cell-item-body multilines">
            <div class="ui-cell-item-left"><label class="ui-radio is-disabled">
                <div class="ui-radio-icon"><i class="ui-icon icon-font ui-icon-check-disabled check-disabled lg" style="color:;"></i></div>
                <!---->
              </label></div>
            <div class="ui-cell-item-content">
              <p class="ui-cell-item-title">建设银行(尾号4321)</p>
              <p class="ui-cell-item-brief">选项摘要描述</p>
            </div>
            <!---->
          </div>
          <!---->
        </div>
        <!---->
      </div>
    </div>
    <!---->
  </fieldset>
  <fieldset class="ui-field radio-field">
    <header class="ui-field-header">
      <div class="ui-field-heading">
        <legend class="ui-field-title">输入项</legend>
        <!---->
      </div>
      <div class="ui-field-action"></div>
    </header>
    <div class="ui-field-content">
      <div class="ui-radio-list">
        <div class="ui-cell-item ui-radio-item">
          <div class="ui-cell-item-body">
            <!---->
            <div class="ui-cell-item-content">
              <p class="ui-cell-item-title">我有其他保险</p>
              <!---->
            </div>
            <div class="ui-cell-item-right"><label class="ui-radio">
                <div class="ui-radio-icon">
                  <!---->
                </div>
                <!---->
              </label>
              <!---->
            </div>
          </div>
          <!---->
        </div>
        <div class="ui-cell-item ui-radio-item">
          <div class="ui-cell-item-body">
            <!---->
            <div class="ui-cell-item-content">
              <p class="ui-cell-item-title">每单都扣，我担心扣太多</p>
              <!---->
            </div>
            <div class="ui-cell-item-right"><label class="ui-radio">
                <div class="ui-radio-icon">
                  <!---->
                </div>
                <!---->
              </label>
              <!---->
            </div>
          </div>
          <!---->
        </div>
        <div class="ui-cell-item ui-radio-item">
          <div class="ui-cell-item-body">
            <!---->
            <div class="ui-cell-item-content">
              <p class="ui-cell-item-title">我身体好，不需要重疾险</p>
              <!---->
            </div>
            <div class="ui-cell-item-right"><label class="ui-radio">
                <div class="ui-radio-icon">
                  <!---->
                </div>
                <!---->
              </label>
              <!---->
            </div>
          </div>
          <!---->
        </div>
        <div class="ui-cell-item ui-radio-item">
          <div class="ui-cell-item-body">
            <!---->
            <div class="ui-cell-item-content">
              <p class="ui-cell-item-title">接单少，加入这个没什么用</p>
              <!---->
            </div>
            <div class="ui-cell-item-right"><label class="ui-radio">
                <div class="ui-radio-icon">
                  <!---->
                </div>
                <!---->
              </label>
              <!---->
            </div>
          </div>
          <!---->
        </div>
        <div class="ui-cell-item ui-radio-item no-border">
          <div class="ui-cell-item-body">
            <!---->
            <div class="ui-cell-item-content">
              <p class="ui-cell-item-title">我不了解这是什么计划</p>
              <!---->
            </div>
            <div class="ui-cell-item-right"><label class="ui-radio">
                <div class="ui-radio-icon">
                  <!---->
                </div>
                <!---->
              </label>
              <!---->
            </div>
          </div>
          <!---->
        </div>
        <div class="ui-field-item ui-input-item ui-radio-item is-solid is-browser left normal">
          <div class="ui-field-item-content"><label class="ui-field-item-title">其他</label>
            <!---->
            <div class="ui-field-item-control"> <input name="" placeholder="请输入原因" maxlength="" autocomplete="off" type="text" value="" class="ui-input-item-input"> </div>
            <!---->
          </div>
          <!---->
        </div>
      </div>
    </div>
    <!---->
  </fieldset>
</div>
`;

exports[`Radio Radio box 1`] = `
<div class="ui-example-child ui-example-child-check ui-example-child-check-4">
  <div class="ui-check-base-box ui-radio-box is-disabled">日缴
    <!---->
  </div>
  <div class="ui-check-base-box ui-radio-box">月付
    <!---->
  </div>
  <div class="ui-check-base-box ui-radio-box">季度费
    <!---->
  </div>
</div>
`;

exports[`Radio Radio box group 1`] = `
<div class="ui-example-child ui-example-child-check ui-example-child-check-5">
  <div class="ui-radio-group">
    <div class="ui-check-base-box ui-radio-box is-checked">自己 <div class="ui-tag">
        <div class="default size-tiny shape-quarter type-fill font-weight-normal">
          <div class="quarter-content"><i class="ui-icon icon-font ui-icon-right right md" style="color:;"></i></div>
          <div class="quarter-bg"></div>
        </div>
      </div>
    </div>
    <div class="ui-check-base-box ui-radio-box">配偶
      <!---->
    </div>
    <div class="ui-check-base-box ui-radio-box">父母
      <!---->
    </div>
    <div class="ui-check-base-box ui-radio-box is-disabled">子女
      <!---->
    </div>
  </div>
</div>
`;

exports[`Radio Radio group 1`] = `
<div class="ui-example-child ui-example-child-radio ui-example-child-radio-3">
  <div class="ui-radio-group"><label class="ui-radio">
      <div class="ui-radio-icon"><i class="ui-icon icon-font ui-icon-check check md" style="color:;"></i></div>
      <div class="ui-radio-label">西瓜</div>
    </label> <label class="ui-radio is-checked">
      <div class="ui-radio-icon"><i class="ui-icon icon-font ui-icon-checked checked md" style="color:;"></i></div>
      <div class="ui-radio-label">苹果</div>
    </label> <label class="ui-radio">
      <div class="ui-radio-icon"><i class="ui-icon icon-font ui-icon-check check md" style="color:;"></i></div>
      <div class="ui-radio-label">香蕉</div>
    </label> <label class="ui-radio">
      <div class="ui-radio-icon"><i class="ui-icon icon-font ui-icon-check check md" style="color:;"></i></div>
      <div class="ui-radio-label">橙子</div>
    </label> <label class="ui-radio is-disabled">
      <div class="ui-radio-icon"><i class="ui-icon icon-font ui-icon-check-disabled check-disabled md" style="color:;"></i></div>
      <div class="ui-radio-label">西红柿</div>
    </label></div>
</div>
`;

exports[`Radio With Field 1`] = `
<div class="ui-example-child ui-example-child-radio ui-example-child-radio-1">
  <fieldset class="ui-field">
    <!---->
    <div class="ui-field-content">
      <div class="ui-field-item is-solid is-browser">
        <div class="ui-field-item-content"><label class="ui-field-item-title">婚姻状况</label>
          <!---->
          <div class="ui-field-item-control"><label class="ui-radio is-checked is-inline">
              <div class="ui-radio-icon"><i class="ui-icon icon-font ui-icon-checked checked md" style="color:;"></i></div>
              <div class="ui-radio-label">已婚</div>
            </label> <label class="ui-radio is-inline">
              <div class="ui-radio-icon"><i class="ui-icon icon-font ui-icon-check check md" style="color:;"></i></div>
              <div class="ui-radio-label">未婚</div>
            </label> <label class="ui-radio is-inline">
              <div class="ui-radio-icon"><i class="ui-icon icon-font ui-icon-check check md" style="color:;"></i></div>
              <div class="ui-radio-label">保密</div>
            </label></div>
          <!---->
        </div>
        <!---->
      </div>
    </div>
    <!---->
  </fieldset>
</div>
`;
